2026-07-09 13:11:53 ==============================================
2026-07-09 13:11:53 Watchdog started
2026-07-09 13:11:53 Starting server (attempt #1)...
2026-07-09 13:13:22 ==============================================
2026-07-09 13:13:22 Watchdog started
2026-07-09 13:13:22 Starting server (attempt #1)...
2026-07-09 13:13:49 OUT: Γ£à Database initialized
≡ƒÜÇ ╪º┘ä┘å╪╕╪º┘à ┘è╪╣┘à┘ä ╪╣┘ä┘ë: http://localhost:3000
≡ƒæñ ╪¡╪│╪º╪¿╪º╪¬ ┘à╪¿╪»╪ª┘è╪⌐:
   ┘à╪»┘è╪▒: admin / admin123
   ┘à╪╡┘à┘à: designer / designer123
   ┘ä┘è╪▓╪▒: laser / laser123
   ╪▒╪º┘ê╪¬╪▒: router / router123

2026-07-09 13:13:49 Server stopped (exit code: -1)
2026-07-09 13:13:49 Restarting in 3 seconds...
2026-07-09 13:13:49 ERROR starting process: The process cannot access the file 'C:\Users\HP\Desktop\موقع لتنظيم المهام على الشبكة\server-watchdog.log' because it is being used by another process.
2026-07-09 13:13:49 Server stopped (exit code: -1)
2026-07-09 13:13:49 Restarting in 3 seconds...
2026-07-09 13:13:52 Starting server (attempt #2)...
2026-07-09 13:13:52 Starting server (attempt #2)...
2026-07-09 13:14:02 ==============================================
2026-07-09 13:14:02 Watchdog started
2026-07-09 13:14:02 Starting server (attempt #1)...
2026-07-09 13:14:25 OUT: Γ£à Database initialized

2026-07-09 13:14:25 ERR: Γ¥î ╪«╪╖╪ú ╪║┘è╪▒ ┘à╪¬┘ê┘é╪╣: listen EADDRINUSE: address already in use 0.0.0.0:3000

2026-07-09 13:14:25 Server stopped (exit code: -1)
2026-07-09 13:14:25 OUT: Γ£à Database initialized
≡ƒÜÇ ╪º┘ä┘å╪╕╪º┘à ┘è╪╣┘à┘ä ╪╣┘ä┘ë: http://localhost:3000
≡ƒæñ ╪¡╪│╪º╪¿╪º╪¬ ┘à╪¿╪»╪ª┘è╪⌐:
   ┘à╪»┘è╪▒: admin / admin123
   ┘à╪╡┘à┘à: designer / designer123
   ┘ä┘è╪▓╪▒: laser / laser123
   ╪▒╪º┘ê╪¬╪▒: router / router123

2026-07-09 13:14:25 Server stopped (exit code: -1)
2026-07-09 13:14:25 Restarting in 3 seconds...
2026-07-09 13:14:25 Restarting in 3 seconds...
2026-07-09 13:14:25 OUT: Γ£à Database initialized

2026-07-09 13:14:25 ERR: Γ¥î ╪«╪╖╪ú ╪║┘è╪▒ ┘à╪¬┘ê┘é╪╣: listen EADDRINUSE: address already in use 0.0.0.0:3000

2026-07-09 13:14:25 Server stopped (exit code: -1)
2026-07-09 13:14:38 ==============================================
2026-07-09 13:14:38 Watchdog started
2026-07-09 13:14:38 Starting server (attempt #1)...
2026-07-09 13:14:53 ==============================================
2026-07-09 13:14:53 Watchdog started
2026-07-09 13:14:53 Starting server (attempt #1)...
2026-07-09 13:30:09 OUT: Γ£à Database initialized

2026-07-09 13:30:09 ERR: Γ¥î ╪«╪╖╪ú ╪║┘è╪▒ ┘à╪¬┘ê┘é╪╣: listen EADDRINUSE: address already in use 0.0.0.0:3000

2026-07-09 13:30:09 Server stopped (exit code: -1)
2026-07-09 13:30:10 Restarting in 3 seconds...
2026-07-09 13:30:10 ERROR starting process: The process cannot access the file 'C:\Users\HP\Desktop\موقع لتنظيم المهام على الشبكة\server-watchdog.log' because it is being used by another process.
2026-07-09 13:30:10 Server stopped (exit code: -1)
2026-07-09 13:30:10 Restarting in 3 seconds...
2026-07-09 13:30:13 Starting server (attempt #2)...
2026-07-09 13:30:13 Starting server (attempt #2)...
2026-07-09 13:33:20 OUT: Γ£à Database initialized

2026-07-09 13:33:20 ERR: Γ¥î ╪«╪╖╪ú ╪║┘è╪▒ ┘à╪¬┘ê┘é╪╣: listen EADDRINUSE: address already in use 0.0.0.0:3000

2026-07-09 13:33:20 Server stopped (exit code: -1)
2026-07-09 13:33:20 Restarting in 3 seconds...
2026-07-09 13:33:20 ERROR starting process: The process cannot access the file 'C:\Users\HP\Desktop\موقع لتنظيم المهام على الشبكة\server-watchdog.log' because it is being used by another process.
2026-07-09 13:33:20 Server stopped (exit code: -1)
2026-07-09 13:33:20 Restarting in 3 seconds...
2026-07-09 13:33:23 Starting server (attempt #3)...
2026-07-09 13:33:23 Starting server (attempt #3)...
2026-07-09 14:31:26 OUT: Γ£à Database initialized

2026-07-09 14:31:26 ERR: Γ¥î ╪«╪╖╪ú ╪║┘è╪▒ ┘à╪¬┘ê┘é╪╣: listen EADDRINUSE: address already in use 0.0.0.0:3000

2026-07-09 14:31:26 Server stopped (exit code: -1)
2026-07-09 14:31:26 Restarting in 3 seconds...
2026-07-09 14:31:26 ERROR starting process: The process cannot access the file 'C:\Users\HP\Desktop\موقع لتنظيم المهام على الشبكة\server-watchdog.log' because it is being used by another process.
2026-07-09 14:31:26 Server stopped (exit code: -1)
2026-07-09 14:31:26 Restarting in 3 seconds...
2026-07-09 14:31:29 Starting server (attempt #4)...
2026-07-09 14:31:29 Starting server (attempt #4)...
2026-07-09 14:41:03 OUT: Γ£à Database initialized

2026-07-09 14:41:03 ERR: Γ¥î ╪«╪╖╪ú ╪║┘è╪▒ ┘à╪¬┘ê┘é╪╣: listen EADDRINUSE: address already in use 0.0.0.0:3000

2026-07-09 14:41:03 Server stopped (exit code: -1)
2026-07-09 14:41:03 Restarting in 3 seconds...
2026-07-09 14:41:03 ERROR starting process: The process cannot access the file 'C:\Users\HP\Desktop\موقع لتنظيم المهام على الشبكة\server-watchdog.log' because it is being used by another process.
2026-07-09 14:41:03 Server stopped (exit code: -1)
2026-07-09 14:41:03 Restarting in 3 seconds...
2026-07-09 14:41:06 Starting server (attempt #5)...
2026-07-09 14:41:06 Starting server (attempt #5)...
2026-07-09 14:42:58 OUT: Γ£à Database initialized

2026-07-09 14:42:58 ERR: Γ¥î ╪«╪╖╪ú ╪║┘è╪▒ ┘à╪¬┘ê┘é╪╣: listen EADDRINUSE: address already in use 0.0.0.0:3000

2026-07-09 14:42:58 Server stopped (exit code: -1)
2026-07-09 14:42:58 Restarting in 3 seconds...
2026-07-09 14:42:58 ERROR starting process: The process cannot access the file 'C:\Users\HP\Desktop\موقع لتنظيم المهام على الشبكة\server-watchdog.log' because it is being used by another process.
2026-07-09 14:42:58 Server stopped (exit code: -1)
2026-07-09 14:42:58 Restarting in 3 seconds...
2026-07-09 14:43:01 Starting server (attempt #6)...
2026-07-09 14:43:01 Starting server (attempt #6)...
2026-07-09 14:45:31 OUT: Γ£à Database initialized
≡ƒÜÇ ╪º┘ä┘å╪╕╪º┘à ┘è╪╣┘à┘ä ╪╣┘ä┘ë: http://localhost:3000
≡ƒæñ ╪¡╪│╪º╪¿╪º╪¬ ┘à╪¿╪»╪ª┘è╪⌐:
   ┘à╪»┘è╪▒: admin / admin123
   ┘à╪╡┘à┘à: designer / designer123
   ┘ä┘è╪▓╪▒: laser / laser123
   ╪▒╪º┘ê╪¬╪▒: router / router123

2026-07-09 14:45:31 Server stopped (exit code: -1)
2026-07-09 14:45:31 Restarting in 3 seconds...
2026-07-09 14:45:31 ERROR starting process: The process cannot access the file 'C:\Users\HP\Desktop\موقع لتنظيم المهام على الشبكة\server-watchdog.log' because it is being used by another process.
2026-07-09 14:45:31 Server stopped (exit code: -1)
2026-07-09 14:45:31 Restarting in 3 seconds...
2026-07-09 14:45:34 Starting server (attempt #7)...
2026-07-09 14:45:35 Starting server (attempt #7)...
2026-07-10 11:37:06 OUT: Γùç injected env (5) from .env // tip: Γùê encrypted .env [www.dotenvx.com]
Γ£à Database initialized

2026-07-10 11:37:06 ERR: Γ¥î ╪«╪╖╪ú ╪║┘è╪▒ ┘à╪¬┘ê┘é╪╣: listen EADDRINUSE: address already in use 0.0.0.0:3000

2026-07-10 11:37:06 Server stopped (exit code: -1)
2026-07-10 11:37:06 Restarting in 3 seconds...
2026-07-10 11:37:06 ERROR starting process: The process cannot access the file 'C:\Users\HP\Desktop\موقع لتنظيم المهام على الشبكة\server-watchdog.log' because it is being used by another process.
2026-07-10 11:37:06 Server stopped (exit code: -1)
2026-07-10 11:37:06 Restarting in 3 seconds...
2026-07-10 11:37:09 Starting server (attempt #8)...
2026-07-10 11:37:09 Starting server (attempt #8)...
2026-07-13 15:03:52 OUT: Γùç injected env (5) from .env // tip: Γîÿ suppress logs { quiet: true }
Γ£à Database initialized

2026-07-13 15:03:52 ERR: Γ¥î ╪«╪╖╪ú ╪║┘è╪▒ ┘à╪¬┘ê┘é╪╣: listen EADDRINUSE: address already in use 0.0.0.0:3000

2026-07-13 15:03:52 Server stopped (exit code: 1073807364)
2026-07-13 15:03:52 Restarting in 3 seconds...
2026-07-13 15:03:52 ERROR starting process: The process cannot access the file 'C:\Users\HP\Desktop\موقع لتنظيم المهام على الشبكة\server-watchdog.log' because it is being used by another process.
2026-07-13 15:03:52 Server stopped (exit code: -1)
2026-07-13 15:03:52 Restarting in 3 seconds...
2026-07-13 15:03:55 Starting server (attempt #9)...
2026-07-13 15:03:55 Server stopped (exit code: -1073741502)
2026-07-13 15:03:55 Starting server (attempt #9)...
2026-07-13 15:03:55 Restarting in 3 seconds...
2026-07-13 15:03:55 Server stopped (exit code: -1073741502)
2026-07-13 15:03:55 Restarting in 3 seconds...
2026-07-13 15:05:09 ==============================================
2026-07-13 15:05:09 Watchdog started
2026-07-13 15:05:09 Starting server (attempt #1)...
2026-07-13 15:08:55 ==============================================
2026-07-13 15:08:56 Watchdog started
2026-07-13 15:08:56 Starting server (attempt #1)...
2026-07-23 13:24:53 ==============================================
2026-07-23 13:24:53 Watchdog started
2026-07-23 13:24:54 Starting server (attempt #1)...
2026-07-23 13:31:36 ==============================================
2026-07-23 13:31:37 Watchdog started
2026-07-23 13:31:37 Starting server (attempt #1)...
2026-08-01 09:55:29 ==============================================
2026-08-01 09:55:29 Watchdog started
2026-08-01 09:55:29 Starting server (attempt #1)...
2026-08-01 09:58:40 ==============================================
2026-08-01 09:58:40 Watchdog started
2026-08-01 09:58:40 Starting server (attempt #1)...
2026-08-14 15:35:31 ==============================================
2026-08-14 15:36:19 Watchdog started
2026-08-14 15:36:20 Starting server (attempt #1)...
2026-08-14 15:37:38 ==============================================
2026-08-14 15:37:38 Watchdog started
2026-08-14 15:37:38 Starting server (attempt #1)...
2026-08-15 09:25:03 ==============================================
2026-08-15 09:25:03 Watchdog started
2026-08-15 09:25:03 Starting server (attempt #1)...
2026-08-17 14:20:28 ==============================================
2026-08-17 14:20:28 Watchdog started
2026-08-17 14:20:28 Starting server (attempt #1)...
2026-08-17 14:28:38 ==============================================
2026-08-17 14:28:38 Watchdog started
2026-08-17 14:28:38 Starting server (attempt #1)...
2026-08-17 17:51:11 OUT: Γùç injected env (5) from .env // tip: Γîÿ enable debugging { debug: true }
Γ£à Database initialized
≡ƒÜÇ ╪º┘ä┘å╪╕╪º┘à ┘è╪╣┘à┘ä ╪╣┘ä┘ë: http://localhost:3000
≡ƒæñ ╪¡╪│╪º╪¿╪º╪¬ ┘à╪¿╪»╪ª┘è╪⌐:
   ┘à╪»┘è╪▒: admin / admin123
   ┘à╪╡┘à┘à: designer / designer123
   ┘ä┘è╪▓╪▒: laser / laser123
   ╪▒╪º┘ê╪¬╪▒: router / router123

2026-08-17 17:51:12 Server stopped (exit code: 1073807364)
2026-08-17 17:51:12 Restarting in 3 seconds...
2026-08-18 14:28:53 ==============================================
2026-08-18 14:28:53 Watchdog started
2026-08-18 14:28:53 Starting server (attempt #1)...
2026-08-18 14:34:15 ==============================================
2026-08-18 14:34:15 Watchdog started
2026-08-18 14:34:15 Starting server (attempt #1)...
2026-08-19 10:10:23 ==============================================
2026-08-19 10:10:23 Watchdog started
2026-08-19 10:10:23 Starting server (attempt #1)...
2026-09-04 14:11:21 ==============================================
2026-09-04 14:11:21 Watchdog started
2026-09-04 14:11:21 Starting server (attempt #1)...
2026-09-08 11:27:46 ==============================================
2026-09-08 11:27:46 Watchdog started
2026-09-08 11:27:46 Starting server (attempt #1)...
